// Jest Snapshot v1, https://goo.gl/fbAQLP

exports[`Greeting component matches snapshot 1`] = `
<DocumentFragment>
  <div>
    <h1>
      Hello World!!
    </h1>
    <p>
      It's good to see you
    </p>
  </div>
</DocumentFragment>
`;
